Timing Analyzer report for timing_example
Sun Apr 24 07:28:03 2022
Quartus Prime Version 20.1.0 Build 711 06/05/2020 SJ Standard Edition


---------------------
; Table of Contents ;
---------------------
  1. Legal Notice
  2. Timing Analyzer Summary
  3. Parallel Compilation
  4. SDC File List
  5. Clocks
  6. Slow 1200mV 85C Model Fmax Summary
  7. Slow 1200mV 85C Model Setup Summary
  8. Slow 1200mV 85C Model Hold Summary
  9. Slow 1200mV 85C Model Recovery Summary
 10. Slow 1200mV 85C Model Removal Summary
 11. Slow 1200mV 85C Model Minimum Pulse Width Summary
 12. Slow 1200mV 85C Model Metastability Summary
 13. Slow 1200mV 0C Model Fmax Summary
 14. Slow 1200mV 0C Model Setup Summary
 15. Slow 1200mV 0C Model Hold Summary
 16. Slow 1200mV 0C Model Recovery Summary
 17. Slow 1200mV 0C Model Removal Summary
 18. Slow 1200mV 0C Model Minimum Pulse Width Summary
 19. Slow 1200mV 0C Model Metastability Summary
 20. Fast 1200mV 0C Model Setup Summary
 21. Fast 1200mV 0C Model Hold Summary
 22. Fast 1200mV 0C Model Recovery Summary
 23. Fast 1200mV 0C Model Removal Summary
 24. Fast 1200mV 0C Model Minimum Pulse Width Summary
 25. Fast 1200mV 0C Model Metastability Summary
 26. Multicorner Timing Analysis Summary
 27. Board Trace Model Assignments
 28. Input Transition Times
 29. Signal Integrity Metrics (Slow 1200mv 0c Model)
 30. Signal Integrity Metrics (Slow 1200mv 85c Model)
 31. Signal Integrity Metrics (Fast 1200mv 0c Model)
 32. Setup Transfers
 33. Hold Transfers
 34. Report TCCS
 35. Report RSKM
 36. Unconstrained Paths Summary
 37. Clock Status Summary
 38. Unconstrained Input Ports
 39. Unconstrained Output Ports
 40. Unconstrained Input Ports
 41. Unconstrained Output Ports
 42. Timing Analyzer Messages



----------------
; Legal Notice ;
----------------
Copyright (C) 2020  Intel Corporation. All rights reserved.
Your use of Intel Corporation's design tools, logic functions 
and other software and tools, and any partner logic 
functions, and any output files from any of the foregoing 
(including device programming or simulation files), and any 
associated documentation or information are expressly subject 
to the terms and conditions of the Intel Program License 
Subscription Agreement, the Intel Quartus Prime License Agreement,
the Intel FPGA IP License Agreement, or other applicable license
agreement, including, without limitation, that your use is for
the sole purpose of programming logic devices manufactured by
Intel and sold by Intel or its authorized distributors.  Please
refer to the applicable agreement for further details, at
https://fpgasoftware.intel.com/eula.



+---------------------------------------------------------------------------------+
; Timing Analyzer Summary                                                         ;
+-----------------------+---------------------------------------------------------+
; Quartus Prime Version ; Version 20.1.0 Build 711 06/05/2020 SJ Standard Edition ;
; Timing Analyzer       ; Legacy Timing Analyzer                                  ;
; Revision Name         ; timing_example                                          ;
; Device Family         ; MAX 10                                                  ;
; Device Name           ; 10M08DAF484C8G                                          ;
; Timing Models         ; Final                                                   ;
; Delay Model           ; Combined                                                ;
; Rise/Fall Delays      ; Enabled                                                 ;
+-----------------------+---------------------------------------------------------+


+------------------------------------------+
; Parallel Compilation                     ;
+----------------------------+-------------+
; Processors                 ; Number      ;
+----------------------------+-------------+
; Number detected on machine ; 24          ;
; Maximum allowed            ; 12          ;
;                            ;             ;
; Average used               ; 1.66        ;
; Maximum used               ; 12          ;
;                            ;             ;
; Usage by Processor         ; % Time Used ;
;     Processor 1            ; 100.0%      ;
;     Processor 2            ;   6.5%      ;
;     Processor 3            ;   6.1%      ;
;     Processor 4            ;   6.0%      ;
;     Processors 5-12        ;   5.9%      ;
+----------------------------+-------------+


+--------------------------------------------------------+
; SDC File List                                          ;
+--------------------+--------+--------------------------+
; SDC File Path      ; Status ; Read at                  ;
+--------------------+--------+--------------------------+
; timing_example.sdc ; OK     ; Sun Apr 24 07:28:01 2022 ;
+--------------------+--------+--------------------------+


+--------------------------------------------------------------------------------------------------------------------------------------------------------------------------------+
; Clocks                                                                                                                                                                         ;
+------------+------+--------+-----------+-------+-------+------------+-----------+-------------+-------+--------+-----------+------------+----------+--------+--------+---------+
; Clock Name ; Type ; Period ; Frequency ; Rise  ; Fall  ; Duty Cycle ; Divide by ; Multiply by ; Phase ; Offset ; Edge List ; Edge Shift ; Inverted ; Master ; Source ; Targets ;
+------------+------+--------+-----------+-------+-------+------------+-----------+-------------+-------+--------+-----------+------------+----------+--------+--------+---------+
; clk        ; Base ; 2.000  ; 500.0 MHz ; 0.000 ; 1.000 ;            ;           ;             ;       ;        ;           ;            ;          ;        ;        ; { clk } ;
+------------+------+--------+-----------+-------+-------+------------+-----------+-------------+-------+--------+-----------+------------+----------+--------+--------+---------+


+-------------------------------------------------------------------------------------------+
; Slow 1200mV 85C Model Fmax Summary                                                        ;
+-----------+-----------------+------------+------------------------------------------------+
; Fmax      ; Restricted Fmax ; Clock Name ; Note                                           ;
+-----------+-----------------+------------+------------------------------------------------+
; 242.9 MHz ; 210.04 MHz      ; clk        ; limit due to minimum period restriction (tmin) ;
+-----------+-----------------+------------+------------------------------------------------+
This panel reports FMAX for every clock in the design, regardless of the user-specified clock periods.  FMAX is only computed for paths where the source and destination registers or ports are driven by the same clock.  Paths of different clocks, including generated clocks, are ignored.  For paths between a clock and its inversion, FMAX is computed as if the rising and falling edges are scaled along with FMAX, such that the duty cycle (in terms of a percentage) is maintained. Altera recommends that you always use clock constraints and other slack reports for sign-off analysis.


+-------------------------------------+
; Slow 1200mV 85C Model Setup Summary ;
+-------+--------+--------------------+
; Clock ; Slack  ; End Point TNS      ;
+-------+--------+--------------------+
; clk   ; -2.117 ; -487.197           ;
+-------+--------+--------------------+


+------------------------------------+
; Slow 1200mV 85C Model Hold Summary ;
+-------+-------+--------------------+
; Clock ; Slack ; End Point TNS      ;
+-------+-------+--------------------+
; clk   ; 0.298 ; 0.000              ;
+-------+-------+--------------------+


------------------------------------------
; Slow 1200mV 85C Model Recovery Summary ;
------------------------------------------
No paths to report.


-----------------------------------------
; Slow 1200mV 85C Model Removal Summary ;
-----------------------------------------
No paths to report.


+---------------------------------------------------+
; Slow 1200mV 85C Model Minimum Pulse Width Summary ;
+-------+--------+----------------------------------+
; Clock ; Slack  ; End Point TNS                    ;
+-------+--------+----------------------------------+
; clk   ; -2.761 ; -760.177                         ;
+-------+--------+----------------------------------+


-----------------------------------------------
; Slow 1200mV 85C Model Metastability Summary ;
-----------------------------------------------
Design MTBF is not calculated because the design doesn't meet its timing requirements.



+--------------------------------------------------------------------------------------------+
; Slow 1200mV 0C Model Fmax Summary                                                          ;
+------------+-----------------+------------+------------------------------------------------+
; Fmax       ; Restricted Fmax ; Clock Name ; Note                                           ;
+------------+-----------------+------------+------------------------------------------------+
; 265.25 MHz ; 210.04 MHz      ; clk        ; limit due to minimum period restriction (tmin) ;
+------------+-----------------+------------+------------------------------------------------+
This panel reports FMAX for every clock in the design, regardless of the user-specified clock periods.  FMAX is only computed for paths where the source and destination registers or ports are driven by the same clock.  Paths of different clocks, including generated clocks, are ignored.  For paths between a clock and its inversion, FMAX is computed as if the rising and falling edges are scaled along with FMAX, such that the duty cycle (in terms of a percentage) is maintained. Altera recommends that you always use clock constraints and other slack reports for sign-off analysis.


+------------------------------------+
; Slow 1200mV 0C Model Setup Summary ;
+-------+--------+-------------------+
; Clock ; Slack  ; End Point TNS     ;
+-------+--------+-------------------+
; clk   ; -1.770 ; -395.634          ;
+-------+--------+-------------------+


+-----------------------------------+
; Slow 1200mV 0C Model Hold Summary ;
+-------+-------+-------------------+
; Clock ; Slack ; End Point TNS     ;
+-------+-------+-------------------+
; clk   ; 0.270 ; 0.000             ;
+-------+-------+-------------------+


-----------------------------------------
; Slow 1200mV 0C Model Recovery Summary ;
-----------------------------------------
No paths to report.


----------------------------------------
; Slow 1200mV 0C Model Removal Summary ;
----------------------------------------
No paths to report.


+--------------------------------------------------+
; Slow 1200mV 0C Model Minimum Pulse Width Summary ;
+-------+--------+---------------------------------+
; Clock ; Slack  ; End Point TNS                   ;
+-------+--------+---------------------------------+
; clk   ; -2.761 ; -760.177                        ;
+-------+--------+---------------------------------+


----------------------------------------------
; Slow 1200mV 0C Model Metastability Summary ;
----------------------------------------------
Design MTBF is not calculated because the design doesn't meet its timing requirements.



+------------------------------------+
; Fast 1200mV 0C Model Setup Summary ;
+-------+-------+--------------------+
; Clock ; Slack ; End Point TNS      ;
+-------+-------+--------------------+
; clk   ; 0.246 ; 0.000              ;
+-------+-------+--------------------+


+-----------------------------------+
; Fast 1200mV 0C Model Hold Summary ;
+-------+-------+-------------------+
; Clock ; Slack ; End Point TNS     ;
+-------+-------+-------------------+
; clk   ; 0.100 ; 0.000             ;
+-------+-------+-------------------+


-----------------------------------------
; Fast 1200mV 0C Model Recovery Summary ;
-----------------------------------------
No paths to report.


----------------------------------------
; Fast 1200mV 0C Model Removal Summary ;
----------------------------------------
No paths to report.


+--------------------------------------------------+
; Fast 1200mV 0C Model Minimum Pulse Width Summary ;
+-------+--------+---------------------------------+
; Clock ; Slack  ; End Point TNS                   ;
+-------+--------+---------------------------------+
; clk   ; -2.000 ; -2.000                          ;
+-------+--------+---------------------------------+


----------------------------------------------
; Fast 1200mV 0C Model Metastability Summary ;
----------------------------------------------
The design MTBF is not calculated because there are no specified synchronizers in the design.
Number of Synchronizer Chains Found: 7
Shortest Synchronizer Chain: 2 Registers
Fraction of Chains for which MTBFs Could Not be Calculated: 1.000
Worst Case Available Settling Time: 0.948 ns




+--------------------------------------------------------------------------------+
; Multicorner Timing Analysis Summary                                            ;
+------------------+----------+-------+----------+---------+---------------------+
; Clock            ; Setup    ; Hold  ; Recovery ; Removal ; Minimum Pulse Width ;
+------------------+----------+-------+----------+---------+---------------------+
; Worst-case Slack ; -2.117   ; 0.100 ; N/A      ; N/A     ; -2.761              ;
;  clk             ; -2.117   ; 0.100 ; N/A      ; N/A     ; -2.761              ;
; Design-wide TNS  ; -487.197 ; 0.0   ; 0.0      ; 0.0     ; -760.177            ;
;  clk             ; -487.197 ; 0.000 ; N/A      ; N/A     ; -760.177            ;
+------------------+----------+-------+----------+---------+---------------------+


+-----------------------------------------------------------------------------------------------------------------------------------------------------------------------------------------------------------------------------------------------------------------------------------------------------------------------------------------------------------------------------------------------------------------+
; Board Trace Model Assignments                                                                                                                                                                                                                                                                                                                                                                                   ;
+--------------+--------------+-------------------+-------------------------+-------------------------+---------------+---------------------+----------------+------------------+--------+------------------+------------------------+------------------------+--------------+---------------+-----------------+-------+---------------------+--------------------+---------------+-----------------+-------------+
; Pin          ; I/O Standard ; Near Tline Length ; Near Tline L per Length ; Near Tline C per Length ; Near Series R ; Near Differential R ; Near Pull-up R ; Near Pull-down R ; Near C ; Far Tline Length ; Far Tline L per Length ; Far Tline C per Length ; Far Series R ; Far Pull-up R ; Far Pull-down R ; Far C ; Termination Voltage ; Far Differential R ; EBD File Name ; EBD Signal Name ; EBD Far-end ;
+--------------+--------------+-------------------+-------------------------+-------------------------+---------------+---------------------+----------------+------------------+--------+------------------+------------------------+------------------------+--------------+---------------+-----------------+-------+---------------------+--------------------+---------------+-----------------+-------------+
; ~ALTERA_TDO~ ; 2.5 V        ; 0 in              ; 0 H/in                  ; 0 F/in                  ; short         ; -                   ; open           ; open             ; open   ; 0 in             ; 0 H/in                 ; 0 F/in                 ; short        ; open          ; open            ; open  ; 0 V                 ; -                  ; n/a           ; n/a             ; n/a         ;
+--------------+--------------+-------------------+-------------------------+-------------------------+---------------+---------------------+----------------+------------------+--------+------------------+------------------------+------------------------+--------------+---------------+-----------------+-------+---------------------+--------------------+---------------+-----------------+-------------+


+---------------------------------------------------------------------------------+
; Input Transition Times                                                          ;
+---------------------+-----------------------+-----------------+-----------------+
; Pin                 ; I/O Standard          ; 10-90 Rise Time ; 90-10 Fall Time ;
+---------------------+-----------------------+-----------------+-----------------+
; clk                 ; 2.5 V                 ; 2000 ps         ; 2000 ps         ;
; rst                 ; 2.5 V                 ; 2000 ps         ; 2000 ps         ;
; ~ALTERA_TMS~        ; 2.5 V Schmitt Trigger ; 2000 ps         ; 2000 ps         ;
; ~ALTERA_TCK~        ; 2.5 V Schmitt Trigger ; 2000 ps         ; 2000 ps         ;
; ~ALTERA_TDI~        ; 2.5 V Schmitt Trigger ; 2000 ps         ; 2000 ps         ;
; ~ALTERA_CONFIG_SEL~ ; 2.5 V                 ; 2000 ps         ; 2000 ps         ;
; ~ALTERA_nCONFIG~    ; 2.5 V Schmitt Trigger ; 2000 ps         ; 2000 ps         ;
; ~ALTERA_nSTATUS~    ; 2.5 V Schmitt Trigger ; 2000 ps         ; 2000 ps         ;
; ~ALTERA_CONF_DONE~  ; 2.5 V Schmitt Trigger ; 2000 ps         ; 2000 ps         ;
+---------------------+-----------------------+-----------------+-----------------+


+-------------------------------------------------------------------------------------------------------------------------------------------------------------------------------------------------------------------------------------------------------------------------------------------------------------------------------------------------------------------------------------------------------------------------------------------------------------------------------------------------------------------------------------------------------------------------------------------------------------------------------------------------------------------------------------------+
; Signal Integrity Metrics (Slow 1200mv 0c Model)                                                                                                                                                                                                                                                                                                                                                                                                                                                                                                                                                                                                                                           ;
+--------------+--------------+---------------------+---------------------+------------------------------+------------------------------+---------------------+---------------------+--------------------------------------+--------------------------------------+-----------------------------+-----------------------------+----------------------------+----------------------------+-----------------------------+-----------------------------+--------------------+--------------------+-------------------------------------+-------------------------------------+----------------------------+----------------------------+---------------------------+---------------------------+
; Pin          ; I/O Standard ; Board Delay on Rise ; Board Delay on Fall ; Steady State Voh at FPGA Pin ; Steady State Vol at FPGA Pin ; Voh Max at FPGA Pin ; Vol Min at FPGA Pin ; Ringback Voltage on Rise at FPGA Pin ; Ringback Voltage on Fall at FPGA Pin ; 10-90 Rise Time at FPGA Pin ; 90-10 Fall Time at FPGA Pin ; Monotonic Rise at FPGA Pin ; Monotonic Fall at FPGA Pin ; Steady State Voh at Far-end ; Steady State Vol at Far-end ; Voh Max at Far-end ; Vol Min at Far-end ; Ringback Voltage on Rise at Far-end ; Ringback Voltage on Fall at Far-end ; 10-90 Rise Time at Far-end ; 90-10 Fall Time at Far-end ; Monotonic Rise at Far-end ; Monotonic Fall at Far-end ;
+--------------+--------------+---------------------+---------------------+------------------------------+------------------------------+---------------------+---------------------+--------------------------------------+--------------------------------------+-----------------------------+-----------------------------+----------------------------+----------------------------+-----------------------------+-----------------------------+--------------------+--------------------+-------------------------------------+-------------------------------------+----------------------------+----------------------------+---------------------------+---------------------------+
; ~ALTERA_TDO~ ; 2.5 V        ; 0 s                 ; 0 s                 ; 2.32 V                       ; 7.49e-09 V                   ; 2.38 V              ; -0.0491 V           ; 0.231 V                              ; 0.154 V                              ; 4.84e-10 s                  ; 6.18e-10 s                  ; Yes                        ; No                         ; 2.32 V                      ; 7.49e-09 V                  ; 2.38 V             ; -0.0491 V          ; 0.231 V                             ; 0.154 V                             ; 4.84e-10 s                 ; 6.18e-10 s                 ; Yes                       ; No                        ;
+--------------+--------------+---------------------+---------------------+------------------------------+------------------------------+---------------------+---------------------+--------------------------------------+--------------------------------------+-----------------------------+-----------------------------+----------------------------+----------------------------+-----------------------------+-----------------------------+--------------------+--------------------+-------------------------------------+-------------------------------------+----------------------------+----------------------------+---------------------------+---------------------------+


+-------------------------------------------------------------------------------------------------------------------------------------------------------------------------------------------------------------------------------------------------------------------------------------------------------------------------------------------------------------------------------------------------------------------------------------------------------------------------------------------------------------------------------------------------------------------------------------------------------------------------------------------------------------------------------------------+
; Signal Integrity Metrics (Slow 1200mv 85c Model)                                                                                                                                                                                                                                                                                                                                                                                                                                                                                                                                                                                                                                          ;
+--------------+--------------+---------------------+---------------------+------------------------------+------------------------------+---------------------+---------------------+--------------------------------------+--------------------------------------+-----------------------------+-----------------------------+----------------------------+----------------------------+-----------------------------+-----------------------------+--------------------+--------------------+-------------------------------------+-------------------------------------+----------------------------+----------------------------+---------------------------+---------------------------+
; Pin          ; I/O Standard ; Board Delay on Rise ; Board Delay on Fall ; Steady State Voh at FPGA Pin ; Steady State Vol at FPGA Pin ; Voh Max at FPGA Pin ; Vol Min at FPGA Pin ; Ringback Voltage on Rise at FPGA Pin ; Ringback Voltage on Fall at FPGA Pin ; 10-90 Rise Time at FPGA Pin ; 90-10 Fall Time at FPGA Pin ; Monotonic Rise at FPGA Pin ; Monotonic Fall at FPGA Pin ; Steady State Voh at Far-end ; Steady State Vol at Far-end ; Voh Max at Far-end ; Vol Min at Far-end ; Ringback Voltage on Rise at Far-end ; Ringback Voltage on Fall at Far-end ; 10-90 Rise Time at Far-end ; 90-10 Fall Time at Far-end ; Monotonic Rise at Far-end ; Monotonic Fall at Far-end ;
+--------------+--------------+---------------------+---------------------+------------------------------+------------------------------+---------------------+---------------------+--------------------------------------+--------------------------------------+-----------------------------+-----------------------------+----------------------------+----------------------------+-----------------------------+-----------------------------+--------------------+--------------------+-------------------------------------+-------------------------------------+----------------------------+----------------------------+---------------------------+---------------------------+
; ~ALTERA_TDO~ ; 2.5 V        ; 0 s                 ; 0 s                 ; 2.32 V                       ; 7.88e-07 V                   ; 2.36 V              ; -0.0208 V           ; 0.162 V                              ; 0.123 V                              ; 6.58e-10 s                  ; 7.78e-10 s                  ; No                         ; Yes                        ; 2.32 V                      ; 7.88e-07 V                  ; 2.36 V             ; -0.0208 V          ; 0.162 V                             ; 0.123 V                             ; 6.58e-10 s                 ; 7.78e-10 s                 ; No                        ; Yes                       ;
+--------------+--------------+---------------------+---------------------+------------------------------+------------------------------+---------------------+---------------------+--------------------------------------+--------------------------------------+-----------------------------+-----------------------------+----------------------------+----------------------------+-----------------------------+-----------------------------+--------------------+--------------------+-------------------------------------+-------------------------------------+----------------------------+----------------------------+---------------------------+---------------------------+


+-------------------------------------------------------------------------------------------------------------------------------------------------------------------------------------------------------------------------------------------------------------------------------------------------------------------------------------------------------------------------------------------------------------------------------------------------------------------------------------------------------------------------------------------------------------------------------------------------------------------------------------------------------------------------------------------+
; Signal Integrity Metrics (Fast 1200mv 0c Model)                                                                                                                                                                                                                                                                                                                                                                                                                                                                                                                                                                                                                                           ;
+--------------+--------------+---------------------+---------------------+------------------------------+------------------------------+---------------------+---------------------+--------------------------------------+--------------------------------------+-----------------------------+-----------------------------+----------------------------+----------------------------+-----------------------------+-----------------------------+--------------------+--------------------+-------------------------------------+-------------------------------------+----------------------------+----------------------------+---------------------------+---------------------------+
; Pin          ; I/O Standard ; Board Delay on Rise ; Board Delay on Fall ; Steady State Voh at FPGA Pin ; Steady State Vol at FPGA Pin ; Voh Max at FPGA Pin ; Vol Min at FPGA Pin ; Ringback Voltage on Rise at FPGA Pin ; Ringback Voltage on Fall at FPGA Pin ; 10-90 Rise Time at FPGA Pin ; 90-10 Fall Time at FPGA Pin ; Monotonic Rise at FPGA Pin ; Monotonic Fall at FPGA Pin ; Steady State Voh at Far-end ; Steady State Vol at Far-end ; Voh Max at Far-end ; Vol Min at Far-end ; Ringback Voltage on Rise at Far-end ; Ringback Voltage on Fall at Far-end ; 10-90 Rise Time at Far-end ; 90-10 Fall Time at Far-end ; Monotonic Rise at Far-end ; Monotonic Fall at Far-end ;
+--------------+--------------+---------------------+---------------------+------------------------------+------------------------------+---------------------+---------------------+--------------------------------------+--------------------------------------+-----------------------------+-----------------------------+----------------------------+----------------------------+-----------------------------+-----------------------------+--------------------+--------------------+-------------------------------------+-------------------------------------+----------------------------+----------------------------+---------------------------+---------------------------+
; ~ALTERA_TDO~ ; 2.5 V        ; 0 s                 ; 0 s                 ; 2.62 V                       ; 1.68e-07 V                   ; 2.73 V              ; -0.0396 V           ; 0.362 V                              ; 0.108 V                              ; 3.11e-10 s                  ; 4.42e-10 s                  ; No                         ; Yes                        ; 2.62 V                      ; 1.68e-07 V                  ; 2.73 V             ; -0.0396 V          ; 0.362 V                             ; 0.108 V                             ; 3.11e-10 s                 ; 4.42e-10 s                 ; No                        ; Yes                       ;
+--------------+--------------+---------------------+---------------------+------------------------------+------------------------------+---------------------+---------------------+--------------------------------------+--------------------------------------+-----------------------------+-----------------------------+----------------------------+----------------------------+-----------------------------+-----------------------------+--------------------+--------------------+-------------------------------------+-------------------------------------+----------------------------+----------------------------+---------------------------+---------------------------+


+-------------------------------------------------------------------+
; Setup Transfers                                                   ;
+------------+----------+----------+----------+----------+----------+
; From Clock ; To Clock ; RR Paths ; FR Paths ; RF Paths ; FF Paths ;
+------------+----------+----------+----------+----------+----------+
; clk        ; clk      ; 5378     ; 0        ; 0        ; 0        ;
+------------+----------+----------+----------+----------+----------+
Entries labeled "false path" only account for clock-to-clock false paths and not path-based false paths. As a result, actual path counts may be lower than reported.


+-------------------------------------------------------------------+
; Hold Transfers                                                    ;
+------------+----------+----------+----------+----------+----------+
; From Clock ; To Clock ; RR Paths ; FR Paths ; RF Paths ; FF Paths ;
+------------+----------+----------+----------+----------+----------+
; clk        ; clk      ; 5378     ; 0        ; 0        ; 0        ;
+------------+----------+----------+----------+----------+----------+
Entries labeled "false path" only account for clock-to-clock false paths and not path-based false paths. As a result, actual path counts may be lower than reported.


---------------
; Report TCCS ;
---------------
No dedicated SERDES Transmitter circuitry present in device or used in design


---------------
; Report RSKM ;
---------------
No non-DPA dedicated SERDES Receiver circuitry present in device or used in design


+------------------------------------------------+
; Unconstrained Paths Summary                    ;
+---------------------------------+-------+------+
; Property                        ; Setup ; Hold ;
+---------------------------------+-------+------+
; Illegal Clocks                  ; 0     ; 0    ;
; Unconstrained Clocks            ; 0     ; 0    ;
; Unconstrained Input Ports       ; 162   ; 162  ;
; Unconstrained Input Port Paths  ; 733   ; 733  ;
; Unconstrained Output Ports      ; 74    ; 74   ;
; Unconstrained Output Port Paths ; 652   ; 652  ;
+---------------------------------+-------+------+


+-------------------------------------+
; Clock Status Summary                ;
+--------+-------+------+-------------+
; Target ; Clock ; Type ; Status      ;
+--------+-------+------+-------------+
; clk    ; clk   ; Base ; Constrained ;
+--------+-------+------+-------------+


+-------------------------------------------------------------------------------------------------------+
; Unconstrained Input Ports                                                                             ;
+----------------+--------------------------------------------------------------------------------------+
; Input Port     ; Comment                                                                              ;
+----------------+--------------------------------------------------------------------------------------+
; data_in[0]     ; No input delay, min/max delays, false-path exceptions, or max skew assignments found ;
; data_in[1]     ; No input delay, min/max delays, false-path exceptions, or max skew assignments found ;
; data_in[2]     ; No input delay, min/max delays, false-path exceptions, or max skew assignments found ;
; data_in[3]     ; No input delay, min/max delays, false-path exceptions, or max skew assignments found ;
; data_in[4]     ; No input delay, min/max delays, false-path exceptions, or max skew assignments found ;
; data_in[5]     ; No input delay, min/max delays, false-path exceptions, or max skew assignments found ;
; data_in[6]     ; No input delay, min/max delays, false-path exceptions, or max skew assignments found ;
; data_in[7]     ; No input delay, min/max delays, false-path exceptions, or max skew assignments found ;
; data_in[8]     ; No input delay, min/max delays, false-path exceptions, or max skew assignments found ;
; data_in[9]     ; No input delay, min/max delays, false-path exceptions, or max skew assignments found ;
; data_in[10]    ; No input delay, min/max delays, false-path exceptions, or max skew assignments found ;
; data_in[11]    ; No input delay, min/max delays, false-path exceptions, or max skew assignments found ;
; data_in[12]    ; No input delay, min/max delays, false-path exceptions, or max skew assignments found ;
; data_in[13]    ; No input delay, min/max delays, false-path exceptions, or max skew assignments found ;
; data_in[14]    ; No input delay, min/max delays, false-path exceptions, or max skew assignments found ;
; data_in[15]    ; No input delay, min/max delays, false-path exceptions, or max skew assignments found ;
; data_in[16]    ; No input delay, min/max delays, false-path exceptions, or max skew assignments found ;
; data_in[17]    ; No input delay, min/max delays, false-path exceptions, or max skew assignments found ;
; data_in[18]    ; No input delay, min/max delays, false-path exceptions, or max skew assignments found ;
; data_in[19]    ; No input delay, min/max delays, false-path exceptions, or max skew assignments found ;
; data_in[20]    ; No input delay, min/max delays, false-path exceptions, or max skew assignments found ;
; data_in[21]    ; No input delay, min/max delays, false-path exceptions, or max skew assignments found ;
; data_in[22]    ; No input delay, min/max delays, false-path exceptions, or max skew assignments found ;
; data_in[23]    ; No input delay, min/max delays, false-path exceptions, or max skew assignments found ;
; data_in[24]    ; No input delay, min/max delays, false-path exceptions, or max skew assignments found ;
; data_in[25]    ; No input delay, min/max delays, false-path exceptions, or max skew assignments found ;
; data_in[26]    ; No input delay, min/max delays, false-path exceptions, or max skew assignments found ;
; data_in[27]    ; No input delay, min/max delays, false-path exceptions, or max skew assignments found ;
; data_in[28]    ; No input delay, min/max delays, false-path exceptions, or max skew assignments found ;
; data_in[29]    ; No input delay, min/max delays, false-path exceptions, or max skew assignments found ;
; data_in[30]    ; No input delay, min/max delays, false-path exceptions, or max skew assignments found ;
; data_in[31]    ; No input delay, min/max delays, false-path exceptions, or max skew assignments found ;
; data_in_valid  ; No input delay, min/max delays, false-path exceptions, or max skew assignments found ;
; pipe_in[0][0]  ; No input delay, min/max delays, false-path exceptions, or max skew assignments found ;
; pipe_in[0][1]  ; No input delay, min/max delays, false-path exceptions, or max skew assignments found ;
; pipe_in[0][2]  ; No input delay, min/max delays, false-path exceptions, or max skew assignments found ;
; pipe_in[0][3]  ; No input delay, min/max delays, false-path exceptions, or max skew assignments found ;
; pipe_in[0][4]  ; No input delay, min/max delays, false-path exceptions, or max skew assignments found ;
; pipe_in[0][5]  ; No input delay, min/max delays, false-path exceptions, or max skew assignments found ;
; pipe_in[0][6]  ; No input delay, min/max delays, false-path exceptions, or max skew assignments found ;
; pipe_in[0][7]  ; No input delay, min/max delays, false-path exceptions, or max skew assignments found ;
; pipe_in[1][0]  ; No input delay, min/max delays, false-path exceptions, or max skew assignments found ;
; pipe_in[1][1]  ; No input delay, min/max delays, false-path exceptions, or max skew assignments found ;
; pipe_in[1][2]  ; No input delay, min/max delays, false-path exceptions, or max skew assignments found ;
; pipe_in[1][3]  ; No input delay, min/max delays, false-path exceptions, or max skew assignments found ;
; pipe_in[1][4]  ; No input delay, min/max delays, false-path exceptions, or max skew assignments found ;
; pipe_in[1][5]  ; No input delay, min/max delays, false-path exceptions, or max skew assignments found ;
; pipe_in[1][6]  ; No input delay, min/max delays, false-path exceptions, or max skew assignments found ;
; pipe_in[1][7]  ; No input delay, min/max delays, false-path exceptions, or max skew assignments found ;
; pipe_in[2][0]  ; No input delay, min/max delays, false-path exceptions, or max skew assignments found ;
; pipe_in[2][1]  ; No input delay, min/max delays, false-path exceptions, or max skew assignments found ;
; pipe_in[2][2]  ; No input delay, min/max delays, false-path exceptions, or max skew assignments found ;
; pipe_in[2][3]  ; No input delay, min/max delays, false-path exceptions, or max skew assignments found ;
; pipe_in[2][4]  ; No input delay, min/max delays, false-path exceptions, or max skew assignments found ;
; pipe_in[2][5]  ; No input delay, min/max delays, false-path exceptions, or max skew assignments found ;
; pipe_in[2][6]  ; No input delay, min/max delays, false-path exceptions, or max skew assignments found ;
; pipe_in[2][7]  ; No input delay, min/max delays, false-path exceptions, or max skew assignments found ;
; pipe_in[3][0]  ; No input delay, min/max delays, false-path exceptions, or max skew assignments found ;
; pipe_in[3][1]  ; No input delay, min/max delays, false-path exceptions, or max skew assignments found ;
; pipe_in[3][2]  ; No input delay, min/max delays, false-path exceptions, or max skew assignments found ;
; pipe_in[3][3]  ; No input delay, min/max delays, false-path exceptions, or max skew assignments found ;
; pipe_in[3][4]  ; No input delay, min/max delays, false-path exceptions, or max skew assignments found ;
; pipe_in[3][5]  ; No input delay, min/max delays, false-path exceptions, or max skew assignments found ;
; pipe_in[3][6]  ; No input delay, min/max delays, false-path exceptions, or max skew assignments found ;
; pipe_in[3][7]  ; No input delay, min/max delays, false-path exceptions, or max skew assignments found ;
; pipe_in[4][0]  ; No input delay, min/max delays, false-path exceptions, or max skew assignments found ;
; pipe_in[4][1]  ; No input delay, min/max delays, false-path exceptions, or max skew assignments found ;
; pipe_in[4][2]  ; No input delay, min/max delays, false-path exceptions, or max skew assignments found ;
; pipe_in[4][3]  ; No input delay, min/max delays, false-path exceptions, or max skew assignments found ;
; pipe_in[4][4]  ; No input delay, min/max delays, false-path exceptions, or max skew assignments found ;
; pipe_in[4][5]  ; No input delay, min/max delays, false-path exceptions, or max skew assignments found ;
; pipe_in[4][6]  ; No input delay, min/max delays, false-path exceptions, or max skew assignments found ;
; pipe_in[4][7]  ; No input delay, min/max delays, false-path exceptions, or max skew assignments found ;
; pipe_in[5][0]  ; No input delay, min/max delays, false-path exceptions, or max skew assignments found ;
; pipe_in[5][1]  ; No input delay, min/max delays, false-path exceptions, or max skew assignments found ;
; pipe_in[5][2]  ; No input delay, min/max delays, false-path exceptions, or max skew assignments found ;
; pipe_in[5][3]  ; No input delay, min/max delays, false-path exceptions, or max skew assignments found ;
; pipe_in[5][4]  ; No input delay, min/max delays, false-path exceptions, or max skew assignments found ;
; pipe_in[5][5]  ; No input delay, min/max delays, false-path exceptions, or max skew assignments found ;
; pipe_in[5][6]  ; No input delay, min/max delays, false-path exceptions, or max skew assignments found ;
; pipe_in[5][7]  ; No input delay, min/max delays, false-path exceptions, or max skew assignments found ;
; pipe_in[6][0]  ; No input delay, min/max delays, false-path exceptions, or max skew assignments found ;
; pipe_in[6][1]  ; No input delay, min/max delays, false-path exceptions, or max skew assignments found ;
; pipe_in[6][2]  ; No input delay, min/max delays, false-path exceptions, or max skew assignments found ;
; pipe_in[6][3]  ; No input delay, min/max delays, false-path exceptions, or max skew assignments found ;
; pipe_in[6][4]  ; No input delay, min/max delays, false-path exceptions, or max skew assignments found ;
; pipe_in[6][5]  ; No input delay, min/max delays, false-path exceptions, or max skew assignments found ;
; pipe_in[6][6]  ; No input delay, min/max delays, false-path exceptions, or max skew assignments found ;
; pipe_in[6][7]  ; No input delay, min/max delays, false-path exceptions, or max skew assignments found ;
; pipe_in[7][0]  ; No input delay, min/max delays, false-path exceptions, or max skew assignments found ;
; pipe_in[7][1]  ; No input delay, min/max delays, false-path exceptions, or max skew assignments found ;
; pipe_in[7][2]  ; No input delay, min/max delays, false-path exceptions, or max skew assignments found ;
; pipe_in[7][3]  ; No input delay, min/max delays, false-path exceptions, or max skew assignments found ;
; pipe_in[7][4]  ; No input delay, min/max delays, false-path exceptions, or max skew assignments found ;
; pipe_in[7][5]  ; No input delay, min/max delays, false-path exceptions, or max skew assignments found ;
; pipe_in[7][6]  ; No input delay, min/max delays, false-path exceptions, or max skew assignments found ;
; pipe_in[7][7]  ; No input delay, min/max delays, false-path exceptions, or max skew assignments found ;
; pipe_in[8][0]  ; No input delay, min/max delays, false-path exceptions, or max skew assignments found ;
; pipe_in[8][1]  ; No input delay, min/max delays, false-path exceptions, or max skew assignments found ;
; pipe_in[8][2]  ; No input delay, min/max delays, false-path exceptions, or max skew assignments found ;
; pipe_in[8][3]  ; No input delay, min/max delays, false-path exceptions, or max skew assignments found ;
; pipe_in[8][4]  ; No input delay, min/max delays, false-path exceptions, or max skew assignments found ;
; pipe_in[8][5]  ; No input delay, min/max delays, false-path exceptions, or max skew assignments found ;
; pipe_in[8][6]  ; No input delay, min/max delays, false-path exceptions, or max skew assignments found ;
; pipe_in[8][7]  ; No input delay, min/max delays, false-path exceptions, or max skew assignments found ;
; pipe_in[9][0]  ; No input delay, min/max delays, false-path exceptions, or max skew assignments found ;
; pipe_in[9][1]  ; No input delay, min/max delays, false-path exceptions, or max skew assignments found ;
; pipe_in[9][2]  ; No input delay, min/max delays, false-path exceptions, or max skew assignments found ;
; pipe_in[9][3]  ; No input delay, min/max delays, false-path exceptions, or max skew assignments found ;
; pipe_in[9][4]  ; No input delay, min/max delays, false-path exceptions, or max skew assignments found ;
; pipe_in[9][5]  ; No input delay, min/max delays, false-path exceptions, or max skew assignments found ;
; pipe_in[9][6]  ; No input delay, min/max delays, false-path exceptions, or max skew assignments found ;
; pipe_in[9][7]  ; No input delay, min/max delays, false-path exceptions, or max skew assignments found ;
; pipe_in[10][0] ; No input delay, min/max delays, false-path exceptions, or max skew assignments found ;
; pipe_in[10][1] ; No input delay, min/max delays, false-path exceptions, or max skew assignments found ;
; pipe_in[10][2] ; No input delay, min/max delays, false-path exceptions, or max skew assignments found ;
; pipe_in[10][3] ; No input delay, min/max delays, false-path exceptions, or max skew assignments found ;
; pipe_in[10][4] ; No input delay, min/max delays, false-path exceptions, or max skew assignments found ;
; pipe_in[10][5] ; No input delay, min/max delays, false-path exceptions, or max skew assignments found ;
; pipe_in[10][6] ; No input delay, min/max delays, false-path exceptions, or max skew assignments found ;
; pipe_in[10][7] ; No input delay, min/max delays, false-path exceptions, or max skew assignments found ;
; pipe_in[11][0] ; No input delay, min/max delays, false-path exceptions, or max skew assignments found ;
; pipe_in[11][1] ; No input delay, min/max delays, false-path exceptions, or max skew assignments found ;
; pipe_in[11][2] ; No input delay, min/max delays, false-path exceptions, or max skew assignments found ;
; pipe_in[11][3] ; No input delay, min/max delays, false-path exceptions, or max skew assignments found ;
; pipe_in[11][4] ; No input delay, min/max delays, false-path exceptions, or max skew assignments found ;
; pipe_in[11][5] ; No input delay, min/max delays, false-path exceptions, or max skew assignments found ;
; pipe_in[11][6] ; No input delay, min/max delays, false-path exceptions, or max skew assignments found ;
; pipe_in[11][7] ; No input delay, min/max delays, false-path exceptions, or max skew assignments found ;
; pipe_in[12][0] ; No input delay, min/max delays, false-path exceptions, or max skew assignments found ;
; pipe_in[12][1] ; No input delay, min/max delays, false-path exceptions, or max skew assignments found ;
; pipe_in[12][2] ; No input delay, min/max delays, false-path exceptions, or max skew assignments found ;
; pipe_in[12][3] ; No input delay, min/max delays, false-path exceptions, or max skew assignments found ;
; pipe_in[12][4] ; No input delay, min/max delays, false-path exceptions, or max skew assignments found ;
; pipe_in[12][5] ; No input delay, min/max delays, false-path exceptions, or max skew assignments found ;
; pipe_in[12][6] ; No input delay, min/max delays, false-path exceptions, or max skew assignments found ;
; pipe_in[12][7] ; No input delay, min/max delays, false-path exceptions, or max skew assignments found ;
; pipe_in[13][0] ; No input delay, min/max delays, false-path exceptions, or max skew assignments found ;
; pipe_in[13][1] ; No input delay, min/max delays, false-path exceptions, or max skew assignments found ;
; pipe_in[13][2] ; No input delay, min/max delays, false-path exceptions, or max skew assignments found ;
; pipe_in[13][3] ; No input delay, min/max delays, false-path exceptions, or max skew assignments found ;
; pipe_in[13][4] ; No input delay, min/max delays, false-path exceptions, or max skew assignments found ;
; pipe_in[13][5] ; No input delay, min/max delays, false-path exceptions, or max skew assignments found ;
; pipe_in[13][6] ; No input delay, min/max delays, false-path exceptions, or max skew assignments found ;
; pipe_in[13][7] ; No input delay, min/max delays, false-path exceptions, or max skew assignments found ;
; pipe_in[14][0] ; No input delay, min/max delays, false-path exceptions, or max skew assignments found ;
; pipe_in[14][1] ; No input delay, min/max delays, false-path exceptions, or max skew assignments found ;
; pipe_in[14][2] ; No input delay, min/max delays, false-path exceptions, or max skew assignments found ;
; pipe_in[14][3] ; No input delay, min/max delays, false-path exceptions, or max skew assignments found ;
; pipe_in[14][4] ; No input delay, min/max delays, false-path exceptions, or max skew assignments found ;
; pipe_in[14][5] ; No input delay, min/max delays, false-path exceptions, or max skew assignments found ;
; pipe_in[14][6] ; No input delay, min/max delays, false-path exceptions, or max skew assignments found ;
; pipe_in[14][7] ; No input delay, min/max delays, false-path exceptions, or max skew assignments found ;
; pipe_in[15][0] ; No input delay, min/max delays, false-path exceptions, or max skew assignments found ;
; pipe_in[15][1] ; No input delay, min/max delays, false-path exceptions, or max skew assignments found ;
; pipe_in[15][2] ; No input delay, min/max delays, false-path exceptions, or max skew assignments found ;
; pipe_in[15][3] ; No input delay, min/max delays, false-path exceptions, or max skew assignments found ;
; pipe_in[15][4] ; No input delay, min/max delays, false-path exceptions, or max skew assignments found ;
; pipe_in[15][5] ; No input delay, min/max delays, false-path exceptions, or max skew assignments found ;
; pipe_in[15][6] ; No input delay, min/max delays, false-path exceptions, or max skew assignments found ;
; pipe_in[15][7] ; No input delay, min/max delays, false-path exceptions, or max skew assignments found ;
; rst            ; No input delay, min/max delays, false-path exceptions, or max skew assignments found ;
+----------------+--------------------------------------------------------------------------------------+


+--------------------------------------------------------------------------------------------------------+
; Unconstrained Output Ports                                                                             ;
+----------------+---------------------------------------------------------------------------------------+
; Output Port    ; Comment                                                                               ;
+----------------+---------------------------------------------------------------------------------------+
; count[0]       ; No output delay, min/max delays, false-path exceptions, or max skew assignments found ;
; count[1]       ; No output delay, min/max delays, false-path exceptions, or max skew assignments found ;
; count[2]       ; No output delay, min/max delays, false-path exceptions, or max skew assignments found ;
; count[3]       ; No output delay, min/max delays, false-path exceptions, or max skew assignments found ;
; count[4]       ; No output delay, min/max delays, false-path exceptions, or max skew assignments found ;
; count[5]       ; No output delay, min/max delays, false-path exceptions, or max skew assignments found ;
; count[6]       ; No output delay, min/max delays, false-path exceptions, or max skew assignments found ;
; count[7]       ; No output delay, min/max delays, false-path exceptions, or max skew assignments found ;
; count[8]       ; No output delay, min/max delays, false-path exceptions, or max skew assignments found ;
; count[9]       ; No output delay, min/max delays, false-path exceptions, or max skew assignments found ;
; count[10]      ; No output delay, min/max delays, false-path exceptions, or max skew assignments found ;
; count[11]      ; No output delay, min/max delays, false-path exceptions, or max skew assignments found ;
; count[12]      ; No output delay, min/max delays, false-path exceptions, or max skew assignments found ;
; count[13]      ; No output delay, min/max delays, false-path exceptions, or max skew assignments found ;
; count[14]      ; No output delay, min/max delays, false-path exceptions, or max skew assignments found ;
; count[15]      ; No output delay, min/max delays, false-path exceptions, or max skew assignments found ;
; count[16]      ; No output delay, min/max delays, false-path exceptions, or max skew assignments found ;
; count[17]      ; No output delay, min/max delays, false-path exceptions, or max skew assignments found ;
; count[18]      ; No output delay, min/max delays, false-path exceptions, or max skew assignments found ;
; count[19]      ; No output delay, min/max delays, false-path exceptions, or max skew assignments found ;
; count[20]      ; No output delay, min/max delays, false-path exceptions, or max skew assignments found ;
; count[21]      ; No output delay, min/max delays, false-path exceptions, or max skew assignments found ;
; count[22]      ; No output delay, min/max delays, false-path exceptions, or max skew assignments found ;
; count[23]      ; No output delay, min/max delays, false-path exceptions, or max skew assignments found ;
; count[24]      ; No output delay, min/max delays, false-path exceptions, or max skew assignments found ;
; count[25]      ; No output delay, min/max delays, false-path exceptions, or max skew assignments found ;
; count[26]      ; No output delay, min/max delays, false-path exceptions, or max skew assignments found ;
; count[27]      ; No output delay, min/max delays, false-path exceptions, or max skew assignments found ;
; count[28]      ; No output delay, min/max delays, false-path exceptions, or max skew assignments found ;
; count[29]      ; No output delay, min/max delays, false-path exceptions, or max skew assignments found ;
; count[30]      ; No output delay, min/max delays, false-path exceptions, or max skew assignments found ;
; count[31]      ; No output delay, min/max delays, false-path exceptions, or max skew assignments found ;
; count[32]      ; No output delay, min/max delays, false-path exceptions, or max skew assignments found ;
; count[33]      ; No output delay, min/max delays, false-path exceptions, or max skew assignments found ;
; count[34]      ; No output delay, min/max delays, false-path exceptions, or max skew assignments found ;
; count[35]      ; No output delay, min/max delays, false-path exceptions, or max skew assignments found ;
; count[36]      ; No output delay, min/max delays, false-path exceptions, or max skew assignments found ;
; count[37]      ; No output delay, min/max delays, false-path exceptions, or max skew assignments found ;
; count[38]      ; No output delay, min/max delays, false-path exceptions, or max skew assignments found ;
; count[39]      ; No output delay, min/max delays, false-path exceptions, or max skew assignments found ;
; count[40]      ; No output delay, min/max delays, false-path exceptions, or max skew assignments found ;
; count[41]      ; No output delay, min/max delays, false-path exceptions, or max skew assignments found ;
; count[42]      ; No output delay, min/max delays, false-path exceptions, or max skew assignments found ;
; count[43]      ; No output delay, min/max delays, false-path exceptions, or max skew assignments found ;
; count[44]      ; No output delay, min/max delays, false-path exceptions, or max skew assignments found ;
; count[45]      ; No output delay, min/max delays, false-path exceptions, or max skew assignments found ;
; count[46]      ; No output delay, min/max delays, false-path exceptions, or max skew assignments found ;
; count[47]      ; No output delay, min/max delays, false-path exceptions, or max skew assignments found ;
; count[48]      ; No output delay, min/max delays, false-path exceptions, or max skew assignments found ;
; count[49]      ; No output delay, min/max delays, false-path exceptions, or max skew assignments found ;
; count[50]      ; No output delay, min/max delays, false-path exceptions, or max skew assignments found ;
; count[51]      ; No output delay, min/max delays, false-path exceptions, or max skew assignments found ;
; count[52]      ; No output delay, min/max delays, false-path exceptions, or max skew assignments found ;
; count[53]      ; No output delay, min/max delays, false-path exceptions, or max skew assignments found ;
; count[54]      ; No output delay, min/max delays, false-path exceptions, or max skew assignments found ;
; count[55]      ; No output delay, min/max delays, false-path exceptions, or max skew assignments found ;
; count[56]      ; No output delay, min/max delays, false-path exceptions, or max skew assignments found ;
; count[57]      ; No output delay, min/max delays, false-path exceptions, or max skew assignments found ;
; count[58]      ; No output delay, min/max delays, false-path exceptions, or max skew assignments found ;
; count[59]      ; No output delay, min/max delays, false-path exceptions, or max skew assignments found ;
; count[60]      ; No output delay, min/max delays, false-path exceptions, or max skew assignments found ;
; count[61]      ; No output delay, min/max delays, false-path exceptions, or max skew assignments found ;
; count[62]      ; No output delay, min/max delays, false-path exceptions, or max skew assignments found ;
; count[63]      ; No output delay, min/max delays, false-path exceptions, or max skew assignments found ;
; data_out[0]    ; No output delay, min/max delays, false-path exceptions, or max skew assignments found ;
; data_out[1]    ; No output delay, min/max delays, false-path exceptions, or max skew assignments found ;
; data_out[2]    ; No output delay, min/max delays, false-path exceptions, or max skew assignments found ;
; data_out[3]    ; No output delay, min/max delays, false-path exceptions, or max skew assignments found ;
; data_out[4]    ; No output delay, min/max delays, false-path exceptions, or max skew assignments found ;
; data_out[5]    ; No output delay, min/max delays, false-path exceptions, or max skew assignments found ;
; data_out[6]    ; No output delay, min/max delays, false-path exceptions, or max skew assignments found ;
; data_out[7]    ; No output delay, min/max delays, false-path exceptions, or max skew assignments found ;
; data_out_valid ; No output delay, min/max delays, false-path exceptions, or max skew assignments found ;
; ready          ; No output delay, min/max delays, false-path exceptions, or max skew assignments found ;
+----------------+---------------------------------------------------------------------------------------+


+-------------------------------------------------------------------------------------------------------+
; Unconstrained Input Ports                                                                             ;
+----------------+--------------------------------------------------------------------------------------+
; Input Port     ; Comment                                                                              ;
+----------------+--------------------------------------------------------------------------------------+
; data_in[0]     ; No input delay, min/max delays, false-path exceptions, or max skew assignments found ;
; data_in[1]     ; No input delay, min/max delays, false-path exceptions, or max skew assignments found ;
; data_in[2]     ; No input delay, min/max delays, false-path exceptions, or max skew assignments found ;
; data_in[3]     ; No input delay, min/max delays, false-path exceptions, or max skew assignments found ;
; data_in[4]     ; No input delay, min/max delays, false-path exceptions, or max skew assignments found ;
; data_in[5]     ; No input delay, min/max delays, false-path exceptions, or max skew assignments found ;
; data_in[6]     ; No input delay, min/max delays, false-path exceptions, or max skew assignments found ;
; data_in[7]     ; No input delay, min/max delays, false-path exceptions, or max skew assignments found ;
; data_in[8]     ; No input delay, min/max delays, false-path exceptions, or max skew assignments found ;
; data_in[9]     ; No input delay, min/max delays, false-path exceptions, or max skew assignments found ;
; data_in[10]    ; No input delay, min/max delays, false-path exceptions, or max skew assignments found ;
; data_in[11]    ; No input delay, min/max delays, false-path exceptions, or max skew assignments found ;
; data_in[12]    ; No input delay, min/max delays, false-path exceptions, or max skew assignments found ;
; data_in[13]    ; No input delay, min/max delays, false-path exceptions, or max skew assignments found ;
; data_in[14]    ; No input delay, min/max delays, false-path exceptions, or max skew assignments found ;
; data_in[15]    ; No input delay, min/max delays, false-path exceptions, or max skew assignments found ;
; data_in[16]    ; No input delay, min/max delays, false-path exceptions, or max skew assignments found ;
; data_in[17]    ; No input delay, min/max delays, false-path exceptions, or max skew assignments found ;
; data_in[18]    ; No input delay, min/max delays, false-path exceptions, or max skew assignments found ;
; data_in[19]    ; No input delay, min/max delays, false-path exceptions, or max skew assignments found ;
; data_in[20]    ; No input delay, min/max delays, false-path exceptions, or max skew assignments found ;
; data_in[21]    ; No input delay, min/max delays, false-path exceptions, or max skew assignments found ;
; data_in[22]    ; No input delay, min/max delays, false-path exceptions, or max skew assignments found ;
; data_in[23]    ; No input delay, min/max delays, false-path exceptions, or max skew assignments found ;
; data_in[24]    ; No input delay, min/max delays, false-path exceptions, or max skew assignments found ;
; data_in[25]    ; No input delay, min/max delays, false-path exceptions, or max skew assignments found ;
; data_in[26]    ; No input delay, min/max delays, false-path exceptions, or max skew assignments found ;
; data_in[27]    ; No input delay, min/max delays, false-path exceptions, or max skew assignments found ;
; data_in[28]    ; No input delay, min/max delays, false-path exceptions, or max skew assignments found ;
; data_in[29]    ; No input delay, min/max delays, false-path exceptions, or max skew assignments found ;
; data_in[30]    ; No input delay, min/max delays, false-path exceptions, or max skew assignments found ;
; data_in[31]    ; No input delay, min/max delays, false-path exceptions, or max skew assignments found ;
; data_in_valid  ; No input delay, min/max delays, false-path exceptions, or max skew assignments found ;
; pipe_in[0][0]  ; No input delay, min/max delays, false-path exceptions, or max skew assignments found ;
; pipe_in[0][1]  ; No input delay, min/max delays, false-path exceptions, or max skew assignments found ;
; pipe_in[0][2]  ; No input delay, min/max delays, false-path exceptions, or max skew assignments found ;
; pipe_in[0][3]  ; No input delay, min/max delays, false-path exceptions, or max skew assignments found ;
; pipe_in[0][4]  ; No input delay, min/max delays, false-path exceptions, or max skew assignments found ;
; pipe_in[0][5]  ; No input delay, min/max delays, false-path exceptions, or max skew assignments found ;
; pipe_in[0][6]  ; No input delay, min/max delays, false-path exceptions, or max skew assignments found ;
; pipe_in[0][7]  ; No input delay, min/max delays, false-path exceptions, or max skew assignments found ;
; pipe_in[1][0]  ; No input delay, min/max delays, false-path exceptions, or max skew assignments found ;
; pipe_in[1][1]  ; No input delay, min/max delays, false-path exceptions, or max skew assignments found ;
; pipe_in[1][2]  ; No input delay, min/max delays, false-path exceptions, or max skew assignments found ;
; pipe_in[1][3]  ; No input delay, min/max delays, false-path exceptions, or max skew assignments found ;
; pipe_in[1][4]  ; No input delay, min/max delays, false-path exceptions, or max skew assignments found ;
; pipe_in[1][5]  ; No input delay, min/max delays, false-path exceptions, or max skew assignments found ;
; pipe_in[1][6]  ; No input delay, min/max delays, false-path exceptions, or max skew assignments found ;
; pipe_in[1][7]  ; No input delay, min/max delays, false-path exceptions, or max skew assignments found ;
; pipe_in[2][0]  ; No input delay, min/max delays, false-path exceptions, or max skew assignments found ;
; pipe_in[2][1]  ; No input delay, min/max delays, false-path exceptions, or max skew assignments found ;
; pipe_in[2][2]  ; No input delay, min/max delays, false-path exceptions, or max skew assignments found ;
; pipe_in[2][3]  ; No input delay, min/max delays, false-path exceptions, or max skew assignments found ;
; pipe_in[2][4]  ; No input delay, min/max delays, false-path exceptions, or max skew assignments found ;
; pipe_in[2][5]  ; No input delay, min/max delays, false-path exceptions, or max skew assignments found ;
; pipe_in[2][6]  ; No input delay, min/max delays, false-path exceptions, or max skew assignments found ;
; pipe_in[2][7]  ; No input delay, min/max delays, false-path exceptions, or max skew assignments found ;
; pipe_in[3][0]  ; No input delay, min/max delays, false-path exceptions, or max skew assignments found ;
; pipe_in[3][1]  ; No input delay, min/max delays, false-path exceptions, or max skew assignments found ;
; pipe_in[3][2]  ; No input delay, min/max delays, false-path exceptions, or max skew assignments found ;
; pipe_in[3][3]  ; No input delay, min/max delays, false-path exceptions, or max skew assignments found ;
; pipe_in[3][4]  ; No input delay, min/max delays, false-path exceptions, or max skew assignments found ;
; pipe_in[3][5]  ; No input delay, min/max delays, false-path exceptions, or max skew assignments found ;
; pipe_in[3][6]  ; No input delay, min/max delays, false-path exceptions, or max skew assignments found ;
; pipe_in[3][7]  ; No input delay, min/max delays, false-path exceptions, or max skew assignments found ;
; pipe_in[4][0]  ; No input delay, min/max delays, false-path exceptions, or max skew assignments found ;
; pipe_in[4][1]  ; No input delay, min/max delays, false-path exceptions, or max skew assignments found ;
; pipe_in[4][2]  ; No input delay, min/max delays, false-path exceptions, or max skew assignments found ;
; pipe_in[4][3]  ; No input delay, min/max delays, false-path exceptions, or max skew assignments found ;
; pipe_in[4][4]  ; No input delay, min/max delays, false-path exceptions, or max skew assignments found ;
; pipe_in[4][5]  ; No input delay, min/max delays, false-path exceptions, or max skew assignments found ;
; pipe_in[4][6]  ; No input delay, min/max delays, false-path exceptions, or max skew assignments found ;
; pipe_in[4][7]  ; No input delay, min/max delays, false-path exceptions, or max skew assignments found ;
; pipe_in[5][0]  ; No input delay, min/max delays, false-path exceptions, or max skew assignments found ;
; pipe_in[5][1]  ; No input delay, min/max delays, false-path exceptions, or max skew assignments found ;
; pipe_in[5][2]  ; No input delay, min/max delays, false-path exceptions, or max skew assignments found ;
; pipe_in[5][3]  ; No input delay, min/max delays, false-path exceptions, or max skew assignments found ;
; pipe_in[5][4]  ; No input delay, min/max delays, false-path exceptions, or max skew assignments found ;
; pipe_in[5][5]  ; No input delay, min/max delays, false-path exceptions, or max skew assignments found ;
; pipe_in[5][6]  ; No input delay, min/max delays, false-path exceptions, or max skew assignments found ;
; pipe_in[5][7]  ; No input delay, min/max delays, false-path exceptions, or max skew assignments found ;
; pipe_in[6][0]  ; No input delay, min/max delays, false-path exceptions, or max skew assignments found ;
; pipe_in[6][1]  ; No input delay, min/max delays, false-path exceptions, or max skew assignments found ;
; pipe_in[6][2]  ; No input delay, min/max delays, false-path exceptions, or max skew assignments found ;
; pipe_in[6][3]  ; No input delay, min/max delays, false-path exceptions, or max skew assignments found ;
; pipe_in[6][4]  ; No input delay, min/max delays, false-path exceptions, or max skew assignments found ;
; pipe_in[6][5]  ; No input delay, min/max delays, false-path exceptions, or max skew assignments found ;
; pipe_in[6][6]  ; No input delay, min/max delays, false-path exceptions, or max skew assignments found ;
; pipe_in[6][7]  ; No input delay, min/max delays, false-path exceptions, or max skew assignments found ;
; pipe_in[7][0]  ; No input delay, min/max delays, false-path exceptions, or max skew assignments found ;
; pipe_in[7][1]  ; No input delay, min/max delays, false-path exceptions, or max skew assignments found ;
; pipe_in[7][2]  ; No input delay, min/max delays, false-path exceptions, or max skew assignments found ;
; pipe_in[7][3]  ; No input delay, min/max delays, false-path exceptions, or max skew assignments found ;
; pipe_in[7][4]  ; No input delay, min/max delays, false-path exceptions, or max skew assignments found ;
; pipe_in[7][5]  ; No input delay, min/max delays, false-path exceptions, or max skew assignments found ;
; pipe_in[7][6]  ; No input delay, min/max delays, false-path exceptions, or max skew assignments found ;
; pipe_in[7][7]  ; No input delay, min/max delays, false-path exceptions, or max skew assignments found ;
; pipe_in[8][0]  ; No input delay, min/max delays, false-path exceptions, or max skew assignments found ;
; pipe_in[8][1]  ; No input delay, min/max delays, false-path exceptions, or max skew assignments found ;
; pipe_in[8][2]  ; No input delay, min/max delays, false-path exceptions, or max skew assignments found ;
; pipe_in[8][3]  ; No input delay, min/max delays, false-path exceptions, or max skew assignments found ;
; pipe_in[8][4]  ; No input delay, min/max delays, false-path exceptions, or max skew assignments found ;
; pipe_in[8][5]  ; No input delay, min/max delays, false-path exceptions, or max skew assignments found ;
; pipe_in[8][6]  ; No input delay, min/max delays, false-path exceptions, or max skew assignments found ;
; pipe_in[8][7]  ; No input delay, min/max delays, false-path exceptions, or max skew assignments found ;
; pipe_in[9][0]  ; No input delay, min/max delays, false-path exceptions, or max skew assignments found ;
; pipe_in[9][1]  ; No input delay, min/max delays, false-path exceptions, or max skew assignments found ;
; pipe_in[9][2]  ; No input delay, min/max delays, false-path exceptions, or max skew assignments found ;
; pipe_in[9][3]  ; No input delay, min/max delays, false-path exceptions, or max skew assignments found ;
; pipe_in[9][4]  ; No input delay, min/max delays, false-path exceptions, or max skew assignments found ;
; pipe_in[9][5]  ; No input delay, min/max delays, false-path exceptions, or max skew assignments found ;
; pipe_in[9][6]  ; No input delay, min/max delays, false-path exceptions, or max skew assignments found ;
; pipe_in[9][7]  ; No input delay, min/max delays, false-path exceptions, or max skew assignments found ;
; pipe_in[10][0] ; No input delay, min/max delays, false-path exceptions, or max skew assignments found ;
; pipe_in[10][1] ; No input delay, min/max delays, false-path exceptions, or max skew assignments found ;
; pipe_in[10][2] ; No input delay, min/max delays, false-path exceptions, or max skew assignments found ;
; pipe_in[10][3] ; No input delay, min/max delays, false-path exceptions, or max skew assignments found ;
; pipe_in[10][4] ; No input delay, min/max delays, false-path exceptions, or max skew assignments found ;
; pipe_in[10][5] ; No input delay, min/max delays, false-path exceptions, or max skew assignments found ;
; pipe_in[10][6] ; No input delay, min/max delays, false-path exceptions, or max skew assignments found ;
; pipe_in[10][7] ; No input delay, min/max delays, false-path exceptions, or max skew assignments found ;
; pipe_in[11][0] ; No input delay, min/max delays, false-path exceptions, or max skew assignments found ;
; pipe_in[11][1] ; No input delay, min/max delays, false-path exceptions, or max skew assignments found ;
; pipe_in[11][2] ; No input delay, min/max delays, false-path exceptions, or max skew assignments found ;
; pipe_in[11][3] ; No input delay, min/max delays, false-path exceptions, or max skew assignments found ;
; pipe_in[11][4] ; No input delay, min/max delays, false-path exceptions, or max skew assignments found ;
; pipe_in[11][5] ; No input delay, min/max delays, false-path exceptions, or max skew assignments found ;
; pipe_in[11][6] ; No input delay, min/max delays, false-path exceptions, or max skew assignments found ;
; pipe_in[11][7] ; No input delay, min/max delays, false-path exceptions, or max skew assignments found ;
; pipe_in[12][0] ; No input delay, min/max delays, false-path exceptions, or max skew assignments found ;
; pipe_in[12][1] ; No input delay, min/max delays, false-path exceptions, or max skew assignments found ;
; pipe_in[12][2] ; No input delay, min/max delays, false-path exceptions, or max skew assignments found ;
; pipe_in[12][3] ; No input delay, min/max delays, false-path exceptions, or max skew assignments found ;
; pipe_in[12][4] ; No input delay, min/max delays, false-path exceptions, or max skew assignments found ;
; pipe_in[12][5] ; No input delay, min/max delays, false-path exceptions, or max skew assignments found ;
; pipe_in[12][6] ; No input delay, min/max delays, false-path exceptions, or max skew assignments found ;
; pipe_in[12][7] ; No input delay, min/max delays, false-path exceptions, or max skew assignments found ;
; pipe_in[13][0] ; No input delay, min/max delays, false-path exceptions, or max skew assignments found ;
; pipe_in[13][1] ; No input delay, min/max delays, false-path exceptions, or max skew assignments found ;
; pipe_in[13][2] ; No input delay, min/max delays, false-path exceptions, or max skew assignments found ;
; pipe_in[13][3] ; No input delay, min/max delays, false-path exceptions, or max skew assignments found ;
; pipe_in[13][4] ; No input delay, min/max delays, false-path exceptions, or max skew assignments found ;
; pipe_in[13][5] ; No input delay, min/max delays, false-path exceptions, or max skew assignments found ;
; pipe_in[13][6] ; No input delay, min/max delays, false-path exceptions, or max skew assignments found ;
; pipe_in[13][7] ; No input delay, min/max delays, false-path exceptions, or max skew assignments found ;
; pipe_in[14][0] ; No input delay, min/max delays, false-path exceptions, or max skew assignments found ;
; pipe_in[14][1] ; No input delay, min/max delays, false-path exceptions, or max skew assignments found ;
; pipe_in[14][2] ; No input delay, min/max delays, false-path exceptions, or max skew assignments found ;
; pipe_in[14][3] ; No input delay, min/max delays, false-path exceptions, or max skew assignments found ;
; pipe_in[14][4] ; No input delay, min/max delays, false-path exceptions, or max skew assignments found ;
; pipe_in[14][5] ; No input delay, min/max delays, false-path exceptions, or max skew assignments found ;
; pipe_in[14][6] ; No input delay, min/max delays, false-path exceptions, or max skew assignments found ;
; pipe_in[14][7] ; No input delay, min/max delays, false-path exceptions, or max skew assignments found ;
; pipe_in[15][0] ; No input delay, min/max delays, false-path exceptions, or max skew assignments found ;
; pipe_in[15][1] ; No input delay, min/max delays, false-path exceptions, or max skew assignments found ;
; pipe_in[15][2] ; No input delay, min/max delays, false-path exceptions, or max skew assignments found ;
; pipe_in[15][3] ; No input delay, min/max delays, false-path exceptions, or max skew assignments found ;
; pipe_in[15][4] ; No input delay, min/max delays, false-path exceptions, or max skew assignments found ;
; pipe_in[15][5] ; No input delay, min/max delays, false-path exceptions, or max skew assignments found ;
; pipe_in[15][6] ; No input delay, min/max delays, false-path exceptions, or max skew assignments found ;
; pipe_in[15][7] ; No input delay, min/max delays, false-path exceptions, or max skew assignments found ;
; rst            ; No input delay, min/max delays, false-path exceptions, or max skew assignments found ;
+----------------+--------------------------------------------------------------------------------------+


+--------------------------------------------------------------------------------------------------------+
; Unconstrained Output Ports                                                                             ;
+----------------+---------------------------------------------------------------------------------------+
; Output Port    ; Comment                                                                               ;
+----------------+---------------------------------------------------------------------------------------+
; count[0]       ; No output delay, min/max delays, false-path exceptions, or max skew assignments found ;
; count[1]       ; No output delay, min/max delays, false-path exceptions, or max skew assignments found ;
; count[2]       ; No output delay, min/max delays, false-path exceptions, or max skew assignments found ;
; count[3]       ; No output delay, min/max delays, false-path exceptions, or max skew assignments found ;
; count[4]       ; No output delay, min/max delays, false-path exceptions, or max skew assignments found ;
; count[5]       ; No output delay, min/max delays, false-path exceptions, or max skew assignments found ;
; count[6]       ; No output delay, min/max delays, false-path exceptions, or max skew assignments found ;
; count[7]       ; No output delay, min/max delays, false-path exceptions, or max skew assignments found ;
; count[8]       ; No output delay, min/max delays, false-path exceptions, or max skew assignments found ;
; count[9]       ; No output delay, min/max delays, false-path exceptions, or max skew assignments found ;
; count[10]      ; No output delay, min/max delays, false-path exceptions, or max skew assignments found ;
; count[11]      ; No output delay, min/max delays, false-path exceptions, or max skew assignments found ;
; count[12]      ; No output delay, min/max delays, false-path exceptions, or max skew assignments found ;
; count[13]      ; No output delay, min/max delays, false-path exceptions, or max skew assignments found ;
; count[14]      ; No output delay, min/max delays, false-path exceptions, or max skew assignments found ;
; count[15]      ; No output delay, min/max delays, false-path exceptions, or max skew assignments found ;
; count[16]      ; No output delay, min/max delays, false-path exceptions, or max skew assignments found ;
; count[17]      ; No output delay, min/max delays, false-path exceptions, or max skew assignments found ;
; count[18]      ; No output delay, min/max delays, false-path exceptions, or max skew assignments found ;
; count[19]      ; No output delay, min/max delays, false-path exceptions, or max skew assignments found ;
; count[20]      ; No output delay, min/max delays, false-path exceptions, or max skew assignments found ;
; count[21]      ; No output delay, min/max delays, false-path exceptions, or max skew assignments found ;
; count[22]      ; No output delay, min/max delays, false-path exceptions, or max skew assignments found ;
; count[23]      ; No output delay, min/max delays, false-path exceptions, or max skew assignments found ;
; count[24]      ; No output delay, min/max delays, false-path exceptions, or max skew assignments found ;
; count[25]      ; No output delay, min/max delays, false-path exceptions, or max skew assignments found ;
; count[26]      ; No output delay, min/max delays, false-path exceptions, or max skew assignments found ;
; count[27]      ; No output delay, min/max delays, false-path exceptions, or max skew assignments found ;
; count[28]      ; No output delay, min/max delays, false-path exceptions, or max skew assignments found ;
; count[29]      ; No output delay, min/max delays, false-path exceptions, or max skew assignments found ;
; count[30]      ; No output delay, min/max delays, false-path exceptions, or max skew assignments found ;
; count[31]      ; No output delay, min/max delays, false-path exceptions, or max skew assignments found ;
; count[32]      ; No output delay, min/max delays, false-path exceptions, or max skew assignments found ;
; count[33]      ; No output delay, min/max delays, false-path exceptions, or max skew assignments found ;
; count[34]      ; No output delay, min/max delays, false-path exceptions, or max skew assignments found ;
; count[35]      ; No output delay, min/max delays, false-path exceptions, or max skew assignments found ;
; count[36]      ; No output delay, min/max delays, false-path exceptions, or max skew assignments found ;
; count[37]      ; No output delay, min/max delays, false-path exceptions, or max skew assignments found ;
; count[38]      ; No output delay, min/max delays, false-path exceptions, or max skew assignments found ;
; count[39]      ; No output delay, min/max delays, false-path exceptions, or max skew assignments found ;
; count[40]      ; No output delay, min/max delays, false-path exceptions, or max skew assignments found ;
; count[41]      ; No output delay, min/max delays, false-path exceptions, or max skew assignments found ;
; count[42]      ; No output delay, min/max delays, false-path exceptions, or max skew assignments found ;
; count[43]      ; No output delay, min/max delays, false-path exceptions, or max skew assignments found ;
; count[44]      ; No output delay, min/max delays, false-path exceptions, or max skew assignments found ;
; count[45]      ; No output delay, min/max delays, false-path exceptions, or max skew assignments found ;
; count[46]      ; No output delay, min/max delays, false-path exceptions, or max skew assignments found ;
; count[47]      ; No output delay, min/max delays, false-path exceptions, or max skew assignments found ;
; count[48]      ; No output delay, min/max delays, false-path exceptions, or max skew assignments found ;
; count[49]      ; No output delay, min/max delays, false-path exceptions, or max skew assignments found ;
; count[50]      ; No output delay, min/max delays, false-path exceptions, or max skew assignments found ;
; count[51]      ; No output delay, min/max delays, false-path exceptions, or max skew assignments found ;
; count[52]      ; No output delay, min/max delays, false-path exceptions, or max skew assignments found ;
; count[53]      ; No output delay, min/max delays, false-path exceptions, or max skew assignments found ;
; count[54]      ; No output delay, min/max delays, false-path exceptions, or max skew assignments found ;
; count[55]      ; No output delay, min/max delays, false-path exceptions, or max skew assignments found ;
; count[56]      ; No output delay, min/max delays, false-path exceptions, or max skew assignments found ;
; count[57]      ; No output delay, min/max delays, false-path exceptions, or max skew assignments found ;
; count[58]      ; No output delay, min/max delays, false-path exceptions, or max skew assignments found ;
; count[59]      ; No output delay, min/max delays, false-path exceptions, or max skew assignments found ;
; count[60]      ; No output delay, min/max delays, false-path exceptions, or max skew assignments found ;
; count[61]      ; No output delay, min/max delays, false-path exceptions, or max skew assignments found ;
; count[62]      ; No output delay, min/max delays, false-path exceptions, or max skew assignments found ;
; count[63]      ; No output delay, min/max delays, false-path exceptions, or max skew assignments found ;
; data_out[0]    ; No output delay, min/max delays, false-path exceptions, or max skew assignments found ;
; data_out[1]    ; No output delay, min/max delays, false-path exceptions, or max skew assignments found ;
; data_out[2]    ; No output delay, min/max delays, false-path exceptions, or max skew assignments found ;
; data_out[3]    ; No output delay, min/max delays, false-path exceptions, or max skew assignments found ;
; data_out[4]    ; No output delay, min/max delays, false-path exceptions, or max skew assignments found ;
; data_out[5]    ; No output delay, min/max delays, false-path exceptions, or max skew assignments found ;
; data_out[6]    ; No output delay, min/max delays, false-path exceptions, or max skew assignments found ;
; data_out[7]    ; No output delay, min/max delays, false-path exceptions, or max skew assignments found ;
; data_out_valid ; No output delay, min/max delays, false-path exceptions, or max skew assignments found ;
; ready          ; No output delay, min/max delays, false-path exceptions, or max skew assignments found ;
+----------------+---------------------------------------------------------------------------------------+


+--------------------------+
; Timing Analyzer Messages ;
+--------------------------+
Info: *******************************************************************
Info: Running Quartus Prime Timing Analyzer
    Info: Version 20.1.0 Build 711 06/05/2020 SJ Standard Edition
    Info: Processing started: Sun Apr 24 07:27:59 2022
Info: Command: quartus_sta timing_example -c timing_example
Info: qsta_default_script.tcl version: #1
Warning (18236): Number of processors has not been specified which may cause overloading on shared machines.  Set the global assignment NUM_PARALLEL_PROCESSORS in your QSF to an appropriate value for best performance.
Info (20030): Parallel compilation is enabled and will use 12 of the 12 processors detected
Info (21077): Low junction temperature is 0 degrees C
Info (21077): High junction temperature is 85 degrees C
Info (332104): Reading SDC File: 'timing_example.sdc'
Info (332171): The following clock uncertainty values are less than the recommended values that would be applied by the derive_clock_uncertainty command
    Info (332172): Setup clock transfer from clk (Rise) to clk (Rise) has uncertainty 0.010 that is less than the recommended uncertainty 0.020
    Info (332172): Hold clock transfer from clk (Rise) to clk (Rise) has uncertainty 0.010 that is less than the recommended uncertainty 0.020
Info: Found TIMING_ANALYZER_REPORT_SCRIPT_INCLUDE_DEFAULT_ANALYSIS = ON
Info: Analyzing Slow 1200mV 85C Model
Info: Can't run Report Timing Closure Recommendations. The current device family is not supported.
Critical Warning (332148): Timing requirements not met
Info (332146): Worst-case setup slack is -2.117
    Info (332119):     Slack       End Point TNS Clock 
    Info (332119): ========= =================== =====================
    Info (332119):    -2.117            -487.197 clk 
Info (332146): Worst-case hold slack is 0.298
    Info (332119):     Slack       End Point TNS Clock 
    Info (332119): ========= =================== =====================
    Info (332119):     0.298               0.000 clk 
Info (332140): No Recovery paths to report
Info (332140): No Removal paths to report
Info (332146): Worst-case minimum pulse width slack is -2.761
    Info (332119):     Slack       End Point TNS Clock 
    Info (332119): ========= =================== =====================
    Info (332119):    -2.761            -760.177 clk 
Info (332114): Report Metastability: Found 7 synchronizer chains.
    Info (332114): Design MTBF is not calculated because the design doesn't meet its timing requirements.
Info: Analyzing Slow 1200mV 0C Model
Info (334003): Started post-fitting delay annotation
Info (334004): Delay annotation completed successfully
Info (332171): The following clock uncertainty values are less than the recommended values that would be applied by the derive_clock_uncertainty command
    Info (332172): Setup clock transfer from clk (Rise) to clk (Rise) has uncertainty 0.010 that is less than the recommended uncertainty 0.020
    Info (332172): Hold clock transfer from clk (Rise) to clk (Rise) has uncertainty 0.010 that is less than the recommended uncertainty 0.020
Critical Warning (332148): Timing requirements not met
Info (332146): Worst-case setup slack is -1.770
    Info (332119):     Slack       End Point TNS Clock 
    Info (332119): ========= =================== =====================
    Info (332119):    -1.770            -395.634 clk 
Info (332146): Worst-case hold slack is 0.270
    Info (332119):     Slack       End Point TNS Clock 
    Info (332119): ========= =================== =====================
    Info (332119):     0.270               0.000 clk 
Info (332140): No Recovery paths to report
Info (332140): No Removal paths to report
Info (332146): Worst-case minimum pulse width slack is -2.761
    Info (332119):     Slack       End Point TNS Clock 
    Info (332119): ========= =================== =====================
    Info (332119):    -2.761            -760.177 clk 
Info (332114): Report Metastability: Found 7 synchronizer chains.
    Info (332114): Design MTBF is not calculated because the design doesn't meet its timing requirements.
Info: Analyzing Fast 1200mV 0C Model
Info (332171): The following clock uncertainty values are less than the recommended values that would be applied by the derive_clock_uncertainty command
    Info (332172): Setup clock transfer from clk (Rise) to clk (Rise) has uncertainty 0.010 that is less than the recommended uncertainty 0.020
    Info (332172): Hold clock transfer from clk (Rise) to clk (Rise) has uncertainty 0.010 that is less than the recommended uncertainty 0.020
Info (332146): Worst-case setup slack is 0.246
    Info (332119):     Slack       End Point TNS Clock 
    Info (332119): ========= =================== =====================
    Info (332119):     0.246               0.000 clk 
Info (332146): Worst-case hold slack is 0.100
    Info (332119):     Slack       End Point TNS Clock 
    Info (332119): ========= =================== =====================
    Info (332119):     0.100               0.000 clk 
Info (332140): No Recovery paths to report
Info (332140): No Removal paths to report
Critical Warning (332148): Timing requirements not met
Info (332146): Worst-case minimum pulse width slack is -2.000
    Info (332119):     Slack       End Point TNS Clock 
    Info (332119): ========= =================== =====================
    Info (332119):    -2.000              -2.000 clk 
Info (332114): Report Metastability: Found 7 synchronizer chains.
    Info (332114): The design MTBF is not calculated because there are no specified synchronizers in the design.
    Info (332114): Number of Synchronizer Chains Found: 7
    Info (332114): Shortest Synchronizer Chain: 2 Registers
    Info (332114): Fraction of Chains for which MTBFs Could Not be Calculated: 1.000
    Info (332114): Worst Case Available Settling Time: 0.948 ns
    Info (332114): 
Info (332102): Design is not fully constrained for setup requirements
Info (332102): Design is not fully constrained for hold requirements
Info: Quartus Prime Timing Analyzer was successful. 0 errors, 4 warnings
    Info: Peak virtual memory: 714 megabytes
    Info: Processing ended: Sun Apr 24 07:28:03 2022
    Info: Elapsed time: 00:00:04
    Info: Total CPU time (on all processors): 00:00:04


